﻿[36mvite v5.4.21 [32mbuilding for production...[36m[39m
transforming...
node.exe : Browserslist: 
browsers data 
(caniuse-lite) is 9 
months old. Please run:
At line:1 char:1
+ & "C:\Program 
Files\nodejs/node.exe" 
"C:\Program 
Files\nodejs/node_mo ...
+ ~~~~~~~~~~~~~~~~~~~~~~~~
~~~~~~~~~~~~~~~~~~~~~~~~~~
~~~~~~~~~~~~~~~~~~~
    + CategoryInfo        
      : NotSpecified: (B  
  rowserslist: b...ld.    
 Please run::String) [    
], RemoteException
    + FullyQualifiedError 
   Id : NativeCommandErr  
  or
 
  npx update-browserslist-
db@latest
  Why you should do it 
regularly: https://github.
com/browserslist/update-db
#readme
[32mΓ£ô[39m 60 modules transformed.
[31mx[39m Build failed 
in 1.40s
[31merror during build:
[31m[vite:esbuild] 
Transform failed with 1 
error:
R:/Codes/QUANTUM/dceryptt/
Relayboy/src/hooks/useWebS
ocket.ts:418:0: ERROR: 
Unexpected end of 
file[31m
file: [36mR:/Codes/QUANTU
M/dceryptt/Relayboy/src/ho
oks/useWebSocket.ts:418:0
[31m
[33m
[33mUnexpected end of 
file[33m
416|      };
417|    }
418|  
   |  ^
[31m
    at 
failureErrorWithLog (R:\Co
des\QUANTUM\dceryptt\Relay
boy\node_modules\esbuild\l
ib\main.js:1472:15)
    at R:\Codes\QUANTUM\dc
eryptt\Relayboy\node_modul
es\esbuild\lib\main.js:755
:50
    at responseCallbacks.<
computed> (R:\Codes\QUANTU
M\dceryptt\Relayboy\node_m
odules\esbuild\lib\main.js
:622:9)
    at 
handleIncomingPacket (R:\C
odes\QUANTUM\dceryptt\Rela
yboy\node_modules\esbuild\
lib\main.js:677:12)
    at 
Socket.readFromStdout (R:\
Codes\QUANTUM\dceryptt\Rel
ayboy\node_modules\esbuild
\lib\main.js:600:7)
    at Socket.emit 
(node:events:508:28)
    at addChunk (node:inte
rnal/streams/readable:559:
12)
    at readableAddChunkPus
hByteMode (node:internal/s
treams/readable:510:3)
    at Readable.push (node
:internal/streams/readable
:390:5)
    at Pipe.onStreamRead (
node:internal/stream_base_
commons:189:23)[39m
